🔍 CHOCH @ 2025-07-02 14:15:00+00:00 | Dir: SELL
   ATR_1M: 0.74907 | MaxMove: 1.26300
   Displacement: 1.69 (Req: 0.6)
   Result: PASS ✅
🔍 CHOCH @ 2025-07-10 01:30:00+00:00 | Dir: BUY
   ATR_1M: 0.76214 | MaxMove: 1.08300
   Displacement: 1.42 (Req: 0.6)
   Result: PASS ✅
🔍 CHOCH @ 2025-07-15 13:30:00+00:00 | Dir: SELL
   ATR_1M: 0.66986 | MaxMove: 6.69600
   Displacement: 10.00 (Req: 0.6)
   Result: PASS ✅
🔍 CHOCH @ 2025-07-02 14:15:00+00:00 | Dir: SELL
   ATR_1M: 0.74907 | MaxMove: 1.26300
   Displacement: 1.69 (Req: 0.6)
   Result: PASS ✅
🔍 CHOCH @ 2025-07-10 01:30:00+00:00 | Dir: BUY
   ATR_1M: 0.76214 | MaxMove: 1.08300
   Displacement: 1.42 (Req: 0.6)
   Result: PASS ✅
🔍 CHOCH @ 2025-07-15 13:30:00+00:00 | Dir: SELL
   ATR_1M: 0.66986 | MaxMove: 6.69600
   Displacement: 10.00 (Req: 0.6)
   Result: PASS ✅
🔍 CHOCH @ 2025-07-02 14:15:00+00:00 | Dir: SELL
   ATR_1M: 0.74907 | MaxMove: 1.26300
   Displacement: 1.69 (Req: 0.6)
   Result: PASS ✅
🔍 CHOCH @ 2025-07-10 01:30:00+00:00 | Dir: BUY
   ATR_1M: 0.76214 | MaxMove: 1.08300
   Displacement: 1.42 (Req: 0.6)
   Result: PASS ✅
🔍 CHOCH @ 2025-07-15 13:30:00+00:00 | Dir: SELL
   ATR_1M: 0.66986 | MaxMove: 6.69600
   Displacement: 10.00 (Req: 0.6)
   Result: PASS ✅
🔍 CHOCH @ 2025-07-15 13:30:00+00:00 | Dir: SELL
   ATR_1M: 0.66986 | MaxMove: 6.69600
   Displacement: 10.00 (Req: 0.6)
   Result: PASS ✅
🔍 CHOCH @ 2025-07-15 13:30:00+00:00 | Dir: SELL
   ATR_1M: 0.66986 | MaxMove: 6.69600
   Displacement: 10.00 (Req: 0.6)
   Result: PASS ✅
🔍 CHOCH @ 2025-07-02 14:15:00+00:00 | Dir: SELL
   ATR_1M: 0.74907 | MaxMove: 1.26300
   Displacement: 1.69 (Req: 0.6)
   Result: PASS ✅
🔍 CHOCH @ 2025-04-22 13:00:00+00:00 | Dir: SELL
   ATR_1M: 2.50643 | MaxMove: 15.00000
   Displacement: 5.98 (Req: 0.6)
   Result: PASS ✅
